// Jest Snapshot v1, https://goo.gl/fbAQLP

exports[`YourComponent should match snapshot 1`] = `
<div>
  <button
    class="cds--btn cds--btn--primary"
    type="button"
  >
    Button
  </button>
</div>
`;
